2026-05-10 17:45:13,697 - INFO - [main.py:79] - 文件日志系统已初始化，日志文件: ./demo_outputs/Expt_2026-05-10_17-45-13/optimization.log
2026-05-10 17:45:13,697 - INFO - [main.py:315] - 开始优化过程
2026-05-10 17:45:13,697 - INFO - [main.py:327] - Step 2: 检查和统一投影坐标系
2026-05-10 17:45:13,697 - INFO - [data_loader.py:476] - 开始检查和重新投影文件到 EPSG:32648
2026-05-10 17:45:13,713 - INFO - [data_loader.py:526] - 栅格文件 ./demo_data/demo_dem.tif 已经是目标坐标系或无需重新投影。
2026-05-10 17:45:13,781 - INFO - [data_loader.py:539] - Shapefile ./demo_data/demo_fault.shp 已经是目标坐标系或无需重新投影。
2026-05-10 17:45:13,783 - INFO - [data_loader.py:539] - Shapefile ./demo_data/demo_study_area.shp 已经是目标坐标系或无需重新投影。
2026-05-10 17:45:13,783 - INFO - [data_loader.py:552] - 文件投影检查和重新投影完成。
2026-05-10 17:45:13,783 - INFO - [main.py:335] - Step 1: 数据加载
2026-05-10 17:45:13,783 - INFO - [data_loader.py:126] - Loading TIFF file: ./demo_data/demo_dem.tif
2026-05-10 17:45:13,785 - INFO - [data_loader.py:139] - Resizing DEM with ratio: 1.0
2026-05-10 17:45:13,785 - INFO - [data_loader.py:168] - DEM resized from (80, 80) to (80, 80)
2026-05-10 17:45:13,785 - INFO - [data_loader.py:172] - Clipping DEM with shapefile: ./demo_data/demo_study_area.shp
2026-05-10 17:45:13,789 - INFO - [data_loader.py:91] - Clipped DEM shape: (80, 80)
2026-05-10 17:45:13,789 - INFO - [data_loader.py:92] - Pixel size maintained at: 1000.0, 1000.0
2026-05-10 17:45:13,790 - INFO - [data_loader.py:302] - Shapefile successfully read with encoding: utf-8
2026-05-10 17:45:13,791 - INFO - [data_loader.py:302] - Shapefile successfully read with encoding: utf-8
2026-05-10 17:45:13,792 - INFO - [data_loader.py:373] - Study area rotation analysis:
2026-05-10 17:45:13,792 - INFO - [data_loader.py:374] - MBR long edge angle: 90.00°
2026-05-10 17:45:13,792 - INFO - [data_loader.py:375] - Required rotation: 90.00°
2026-05-10 17:45:13,792 - INFO - [data_loader.py:376] - Rotation direction: Clockwise
2026-05-10 17:45:13,792 - INFO - [main.py:354] - Step 2: 创建侵蚀系数场
2026-05-10 17:45:13,792 - INFO - [main.py:363] - Original shape: (80, 80)
2026-05-10 17:45:13,792 - INFO - [main.py:364] - Low resolution shape: (10, 10)
2026-05-10 17:45:13,793 - INFO - [data_loader.py:302] - Shapefile successfully read with encoding: utf-8
2026-05-10 17:45:13,794 - INFO - [data_loader.py:302] - Shapefile successfully read with encoding: utf-8
2026-05-10 17:45:13,801 - INFO - [main.py:386] - Step 3: 旋转 DEM 和侵蚀系数场
2026-05-10 17:45:13,803 - INFO - [main.py:393] - Shape comparison:
2026-05-10 17:45:13,803 - INFO - [main.py:394] - Original DEM shape: (80, 80)
2026-05-10 17:45:13,803 - INFO - [main.py:395] - Rotated DEM shape: (80, 80)
2026-05-10 17:45:13,803 - INFO - [main.py:396] - Ksp shape: (80, 80)
2026-05-10 17:45:13,803 - INFO - [main.py:397] - rotated_Ksp shape: (80, 80)
2026-05-10 17:45:13,803 - INFO - [main.py:416] - 已保存旋转后的侵蚀系数场到: ./demo_outputs/Expt_2026-05-10_17-45-13/rotated_ksp.npy
2026-05-10 17:45:13,803 - INFO - [main.py:438] - Validated shapes: ORIGINAL_SHAPE=(80, 80), LOW_RES_SHAPE=(10, 10)
2026-05-10 17:45:13,803 - INFO - [main.py:466] - Step 5: 模型参数设置
2026-05-10 17:45:13,803 - INFO - [main.py:470] - Resampled shape after rotation: (80, 80)
2026-05-10 17:45:13,803 - INFO - [main.py:471] - Low resolution shape: (10, 10)
2026-05-10 17:45:15,795 - INFO - [main.py:573] - Step 4: 遗传算法优化
2026-05-10 17:45:15,795 - INFO - [main.py:576] - Genetic Algorithm Parameters:
2026-05-10 17:45:15,795 - INFO - [main.py:578] - pop: 4
2026-05-10 17:45:15,795 - INFO - [main.py:578] - max_iter: 1
2026-05-10 17:45:15,795 - INFO - [main.py:578] - prob_cross: 0.7
2026-05-10 17:45:15,795 - INFO - [main.py:578] - prob_mut: 0.05
2026-05-10 17:45:15,795 - INFO - [main.py:578] - lb: 0.0
2026-05-10 17:45:15,795 - INFO - [main.py:578] - ub: 8.0
2026-05-10 17:45:15,795 - INFO - [main.py:578] - decay_rate: 1.0
2026-05-10 17:45:15,795 - INFO - [main.py:578] - min_size_pop: 4
2026-05-10 17:45:15,795 - INFO - [main.py:578] - patience: 1
2026-05-10 17:45:15,800 - INFO - [genetic_algorithm.py:653] - Starting genetic algorithm optimization...
2026-05-10 17:45:15,804 - INFO - [data_preprocessing.py:113] - 开始Kriging插值: (10, 10) -> (80, 80)
2026-05-10 17:45:15,830 - INFO - [data_preprocessing.py:141] - Kriging插值完成
2026-05-10 17:45:15,830 - INFO - [model_runner.py:28] - Fastscape input shapes:
2026-05-10 17:45:15,830 - INFO - [model_runner.py:29] - k_sp shape: (80, 80)
2026-05-10 17:45:15,830 - INFO - [model_runner.py:30] - uplift shape: (80, 80)
2026-05-10 17:45:15,830 - INFO - [model_runner.py:31] - Requested grid size: 80 x 80
2026-05-10 17:45:16,352 - INFO - [fitness_evaluator.py:293] - terrain_similarity: matrix1 type=<class 'numpy.ndarray'>, shape=(80, 80), matrix2 type=<class 'numpy.ndarray'>, shape=(80, 80)
